################################################################################
#                                                                              #
#      IAR Universal Linker V5.0.2.5/W32                                       #
#                                                                              #
#           Link time     =  31/Oct/2015  22:46:28                             #
#           Target CPU    =  x51                                               #
#           List file     =  "E:\c\zigbee¿ª·¢°åv5.0\´úÂë¼°Æä½Ì³Ì\1.»ù´¡Æª-CC25 #
#                            30ÊµÑé´úÂë½Ì³Ì\12¡¢CC2530 AD²É¼¯ÄÚ²¿ÎÂ¶È´®¿ÚÏÔÊ¾\ #
#                            12¡¢CC2530 AD²É¼¯ÄÚ²¿ÎÂ¶È´®¿ÚÏÔÊ¾\Debug\List\CC25 #
#                            30AD1Test.map"                                    #
#           Output file 1 =  "E:\c\zigbee¿ª·¢°åv5.0\´úÂë¼°Æä½Ì³Ì\1.»ù´¡Æª-CC25 #
#                            30ÊµÑé´úÂë½Ì³Ì\12¡¢CC2530 AD²É¼¯ÄÚ²¿ÎÂ¶È´®¿ÚÏÔÊ¾\ #
#                            12¡¢CC2530 AD²É¼¯ÄÚ²¿ÎÂ¶È´®¿ÚÏÔÊ¾\Debug\Exe\CC253 #
#                            0AD1Test.hex"                                     #
#                            Format: intel-extended                            #
#           Output file 2 =  "E:\c\zigbee¿ª·¢°åv5.0\´úÂë¼°Æä½Ì³Ì\1.»ù´¡Æª-CC25 #
#                            30ÊµÑé´úÂë½Ì³Ì\12¡¢CC2530 AD²É¼¯ÄÚ²¿ÎÂ¶È´®¿ÚÏÔÊ¾\ #
#                            12¡¢CC2530 AD²É¼¯ÄÚ²¿ÎÂ¶È´®¿ÚÏÔÊ¾\Debug\Exe\CC253 #
#                            0AD1Test.d51"                                     #
#                            Format: debug                                     #
#                            UBROF version 10.0.3                              #
#                            Using library modules for C-SPY (-rt)             #
#           Command line  =  "-Id:\Program Files\IAR Systems\Embedded Workbenc #
#                            h 6.0 Evaluation\8051\CONFIG\"                    #
#                            -D_NR_OF_BANKS=0x07 -D_CODEBANK_END=0xFFFF        #
#                            -D_CODEBANK_START=0x8000 -D?CBANK_MASK=0xFF       #
#                            -D?CBANK=0x9F                                     #
#                            "E:\c\zigbee¿ª·¢°åv5.0\´úÂë¼°Æä½Ì³Ì\1.»ù´¡Æª-CC25 #
#                            30ÊµÑé´úÂë½Ì³Ì\12¡¢CC2530 AD²É¼¯ÄÚ²¿ÎÂ¶È´®¿ÚÏÔÊ¾\ #
#                            12¡¢CC2530 AD²É¼¯ÄÚ²¿ÎÂ¶È´®¿ÚÏÔÊ¾\Debug\Obj\CC253 #
#                            0AD1Test.r51"                                     #
#                            -o                                                #
#                            "E:\c\zigbee¿ª·¢°åv5.0\´úÂë¼°Æä½Ì³Ì\1.»ù´¡Æª-CC25 #
#                            30ÊµÑé´úÂë½Ì³Ì\12¡¢CC2530 AD²É¼¯ÄÚ²¿ÎÂ¶È´®¿ÚÏÔÊ¾\ #
#                            12¡¢CC2530 AD²É¼¯ÄÚ²¿ÎÂ¶È´®¿ÚÏÔÊ¾\Debug\Exe\CC253 #
#                            0AD1Test.d51"                                     #
#                            -l                                                #
#                            "E:\c\zigbee¿ª·¢°åv5.0\´úÂë¼°Æä½Ì³Ì\1.»ù´¡Æª-CC25 #
#                            30ÊµÑé´úÂë½Ì³Ì\12¡¢CC2530 AD²É¼¯ÄÚ²¿ÎÂ¶È´®¿ÚÏÔÊ¾\ #
#                            12¡¢CC2530 AD²É¼¯ÄÚ²¿ÎÂ¶È´®¿ÚÏÔÊ¾\Debug\List\CC25 #
#                            30AD1Test.map"                                    #
#                            -xmsn                                             #
#                            "-Id:\Program Files\IAR Systems\Embedded Workbenc #
#                            h 6.0 Evaluation\8051\LIB\"                       #
#                            -f                                                #
#                            "d:\Program Files\IAR Systems\Embedded Workbench  #
#                            6.0 Evaluation\8051\config\devices\Texas Instrume #
#                            nts\lnk51ew_cc2530F256_banked.xcl"                #
#                            (-D_IDATA0_START=0x00 -D_IDATA0_END=0xFF          #
#                            -D_PDATA0_START=0x1E00 -D_PDATA0_END=0x1EFF       #
#                            -D_IXDATA0_START=0x0001 -D_IXDATA0_END=0x1EFF     #
#                            -D_XDATA0_START=_IXDATA0_START                    #
#                            -D_XDATA0_END=_IXDATA0_END                        #
#                            -D_NEAR_CODE_START=0x0000                         #
#                            -D_FIRST_BANK_ADDR=0x10000 -D?REGISTER_BANK=0x0   #
#                            -D_REGISTER_BANK_START=0x0 -D_BREG_START=0x00     #
#                            -D?VB=0x20 -D?ESP=0x9B -Z(BIT)BREG=_BREG_START    #
#                            -Z(BIT)BIT_N=0-7F                                 #
#                            -Z(DATA)REGISTERS+8=_REGISTER_BANK_START          #
#                            -Z(DATA)BDATA_Z,BDATA_N,BDATA_I=20-2F             #
#                            -Z(DATA)VREG+_NR_OF_VIRTUAL_REGISTERS=08-7F       #
#                            -Z(DATA)PSP,XSP=08-7F -Z(DATA)DOVERLAY=08-7F      #
#                            -Z(DATA)DATA_I,DATA_Z,DATA_N=08-7F                #
#                            -U(IDATA)0-7F=(DATA)0-7F                          #
#                            -Z(IDATA)IDATA_I,IDATA_Z,IDATA_N=08-_IDATA0_END   #
#                            -Z(IDATA)ISTACK+_IDATA_STACK_SIZE#08-_IDATA0_END  #
#                            -Z(IDATA)IOVERLAY=08-FF -Z(CODE)INTVEC=0          #
#                            -Z(CODE)CSTART=_NEAR_CODE_START-(_CODEBANK_START- #
#                            1)                                                #
#                            -Z(CODE)BIT_ID,BDATA_ID,DATA_ID,IDATA_ID,IXDATA_I #
#                            D,PDATA_ID,XDATA_ID=_NEAR_CODE_START-(_CODEBANK_S #
#                            TART-1)                                           #
#                            -Z(CODE)BANK_RELAYS,RCODE,DIFUNCT,CODE_C,CODE_N,N #
#                            EAR_CODE=_NEAR_CODE_START-(_CODEBANK_START-1)     #
#                            -P(CODE)BANKED_CODE=_NEAR_CODE_START-(_CODEBANK_S #
#                            TART-1),[(_CODEBANK_START+_FIRST_BANK_ADDR)-(_COD #
#                            EBANK_END+_FIRST_BANK_ADDR)]*_NR_OF_BANKS+10000   #
#                            -Z(CODE)CHECKSUM#(_CODEBANK_START-1)              #
#                            -Z(XDATA)PDATA_Z,PDATA_I=_PDATA0_START-_PDATA0_EN #
#                            D                                                 #
#                            -P(XDATA)PDATA_N=_PDATA0_START-_PDATA0_END        #
#                            -Z(XDATA)PSTACK+_PDATA_STACK_SIZE=_PDATA0_START-_ #
#                            PDATA0_END                                        #
#                            -Z(XDATA)EXT_STACK+_EXTENDED_STACK_SIZE=_EXTENDED #
#                            _STACK_START                                      #
#                            -Z(XDATA)XSTACK+_XDATA_STACK_SIZE=_XDATA0_START-_ #
#                            XDATA0_END                                        #
#                            -Z(XDATA)IXDATA_Z,IXDATA_I=_IXDATA0_START-_IXDATA #
#                            0_END                                             #
#                            -P(XDATA)IXDATA_N=_IXDATA0_START-_IXDATA0_END     #
#                            -Z(XDATA)XDATA_Z,XDATA_I=_XDATA0_START-_XDATA0_EN #
#                            D                                                 #
#                            -P(XDATA)XDATA_N=_XDATA0_START-_XDATA0_END        #
#                            -Z(XDATA)XDATA_HEAP+_XDATA_HEAP_SIZE=_XDATA0_STAR #
#                            T-_XDATA0_END                                     #
#                            -Z(CONST)XDATA_ROM_C=_XDATA0_START-_XDATA0_END    #
#                            -cx51                                             #
#                            -M(CODE)[(_CODEBANK_START+_FIRST_BANK_ADDR)-(_COD #
#                            EBANK_END+_FIRST_BANK_ADDR)]*_NR_OF_BANKS+0x10000 #
#                            =0x8000                                           #
#                            -ww69=i -D_BANK0_START=0x00000                    #
#                            -D_BANK0_END=0x07FFF -D_BANK1_START=0x18000       #
#                            -D_BANK1_END=0x1FFFF -D_BANK2_START=0x28000       #
#                            -D_BANK2_END=0x2FFFF -D_BANK3_START=0x38000       #
#                            -D_BANK3_END=0x3FFFF -D_BANK4_START=0x48000       #
#                            -D_BANK4_END=0x4FFFF -D_BANK5_START=0x58000       #
#                            -D_BANK5_END=0x5FFFF -D_BANK6_START=0x68000       #
#                            -D_BANK6_END=0x6FFFF -D_BANK7_START=0x78000       #
#                            -D_BANK7_END=0x7FFFF                              #
#                            -P(CODE)BANK0=_BANK0_START-_BANK0_END             #
#                            -P(CODE)BANK1=_BANK1_START-_BANK1_END             #
#                            -P(CODE)BANK2=_BANK2_START-_BANK2_END             #
#                            -P(CODE)BANK3=_BANK3_START-_BANK3_END             #
#                            -P(CODE)BANK4=_BANK4_START-_BANK4_END             #
#                            -P(CODE)BANK5=_BANK5_START-_BANK5_END             #
#                            -P(CODE)BANK6=_BANK6_START-_BANK6_END             #
#                            -P(CODE)BANK7=_BANK7_START-_BANK7_END             #
#                            -D_FLASH_LOCK_BITS_START=0x7FFF0                  #
#                            -D_FLASH_LOCK_BITS_END=0x7FFFF                    #
#                            -Z(CODE)FLASH_LOCK_BITS=_FLASH_LOCK_BITS_START-_F #
#                            LASH_LOCK_BITS_END                                #
#                            -U(CODE)0x0000=(CODE)_FLASH_LOCK_BITS_START-_FLAS #
#                            H_LOCK_BITS_END)                                  #
#                            -D_NR_OF_VIRTUAL_REGISTERS=8 -D?PBANK=0x93        #
#                            -e?BCALL_FF=?BCALL -e?BRET_FF=?BRET               #
#                            -e?BDISPATCH_FF=?BDISPATCH -rt                    #
#                            "-Ointel-extended=E:\c\zigbee¿ª·¢°åv5.0\´úÂë¼°Æä½ #
#                            Ì³Ì\1.»ù´¡Æª-CC2530ÊµÑé´úÂë½Ì³Ì\12¡¢CC2530 AD²É¼¯ #
#                            ÄÚ²¿ÎÂ¶È´®¿ÚÏÔÊ¾\12¡¢CC2530 AD²É¼¯ÄÚ²¿ÎÂ¶È´®¿ÚÏÔÊ #
#                            ¾\Debug\Exe\CC2530AD1Test.hex"                    #
#                            -s __program_start                                #
#                            "d:\Program Files\IAR Systems\Embedded Workbench  #
#                            6.0 Evaluation\8051\LIB\CLIB\cl-pli-blxd-1e16x01. #
#                            r51"                                              #
#                            -D_IDATA_STACK_SIZE=0xC0                          #
#                            -D_EXTENDED_STACK_START=0x00                      #
#                            -D_EXTENDED_STACK_SIZE=0x00                       #
#                            -D_PDATA_STACK_SIZE=0x80                          #
#                            -D_XDATA_STACK_SIZE=0x1ff                         #
#                            -D_XDATA_HEAP_SIZE=0xFF -D_FAR_HEAP_SIZE=0xFFF    #
#                            -D_HUGE_HEAP_SIZE=0xFFF                           #
#                            -D_FAR22_HEAP_SIZE=0xFFF                          #
#                                                                              #
#                           Copyright (C) 1987-2010 IAR Systems AB.            #
################################################################################





                ****************************************
                *                                      *
                *           CROSS REFERENCE            *
                *                                      *
                ****************************************

       Program entry at : CODE      00000060  Relocatable, from module : CSTARTUP




                ****************************************
                *                                      *
                *            RUNTIME MODEL             *
                *                                      *
                ****************************************

  __SystemLibrary          = CLib
  __calling_convention     = xdata_reentrant
  __code_model             = banked
  __core                   = plain
  __data_model             = large
  __dptr_size              = 16
  __extended_stack         = disabled
  __location_for_constants = data
  __number_of_dptrs        = 1
  __rt_version             = 1



                ****************************************
                *                                      *
                *              MODULE MAP              *
                *                                      *
                ****************************************


  DEFINED ABSOLUTE ENTRIES
    *************************************************************************

  DEFINED ABSOLUTE ENTRIES
  PROGRAM MODULE, NAME : ?ABS_ENTRY_MOD

Absolute parts
           ENTRY                   ADDRESS         REF BY
           =====                   =======         ======
           _FAR22_HEAP_SIZE        00000FFF 
           _HUGE_HEAP_SIZE         00000FFF 
           _FAR_HEAP_SIZE          00000FFF 
           _XDATA_HEAP_SIZE        000000FF 
           _XDATA_STACK_SIZE       000001FF 
           _PDATA_STACK_SIZE       00000080 
           _EXTENDED_STACK_SIZE    00000000 
           _EXTENDED_STACK_START   00000000 
           _IDATA_STACK_SIZE       000000C0 
           ?PBANK                  00000093 
           _NR_OF_VIRTUAL_REGISTERS
                                   00000008 
           _FLASH_LOCK_BITS_END    0003FFFF 
           _FLASH_LOCK_BITS_START
                                   0003FFF0 
           _BANK7_END              0003FFFF 
           _BANK7_START            00038000 
           _BANK6_END              00037FFF 
           _BANK6_START            00030000 
           _BANK5_END              0002FFFF 
           _BANK5_START            00028000 
           _BANK4_END              00027FFF 
           _BANK4_START            00020000 
           _BANK3_END              0001FFFF 
           _BANK3_START            00018000 
           _BANK2_END              00017FFF 
           _BANK2_START            00010000 
           _BANK1_END              0000FFFF 
           _BANK1_START            00008000 
           _BANK0_END              00007FFF 
           _BANK0_START            00000000 
           ?ESP                    0000009B 
           ?VB                     00000020        ?BANKED_ENTER_XDATA (?BANKED_ENTER_XDATA)
                                                   ?BANKED_LEAVE_XDATA (?BANKED_LEAVE_XDATA)
           _BREG_START             00000000 
           _REGISTER_BANK_START    00000000 
           ?REGISTER_BANK          00000000        Segment part 6 (CSTARTUP)
           _FIRST_BANK_ADDR        00010000 
           _NEAR_CODE_START        00000000 
           _XDATA0_END             00001EFF 
           _XDATA0_START           00000001 
           _IXDATA0_END            00001EFF 
           _IXDATA0_START          00000001 
           _PDATA0_END             00001EFF 
           _PDATA0_START           00001E00 
           _IDATA0_END             000000FF 
           _IDATA0_START           00000000 
           ?CBANK                  0000009F        ?RESET_CODE_BANK (CSTARTUP)
                                                   Segment part 0 (?BANKED_CODE_SUPPORT)
           ?CBANK_MASK             000000FF 
           _CODEBANK_START         00008000 
           _CODEBANK_END           0000FFFF 
           _NR_OF_BANKS            00000007 
    *************************************************************************

  FILE NAME : E:\c\zigbee¿ª·¢°åv5.0\´úÂë¼°Æä½Ì³Ì\1.»ù´¡Æª-CC2530ÊµÑé´úÂë½Ì³Ì\12¡¢CC2530 AD²É¼¯ÄÚ²¿ÎÂ¶È´®¿ÚÏÔÊ¾\12¡¢CC2530 AD²É¼¯ÄÚ²¿ÎÂ¶È´®¿ÚÏÔÊ¾\Debug\Obj\CC2530AD1Test.r51
  PROGRAM MODULE, NAME : CC2530AD1Test

  SEGMENTS IN THE MODULE
  ======================
SFR_AN
  Relative segment, address: DATA 00000080 - 00000080 (0x1 bytes), align: 0
  Segment part 1. ROOT.       Intra module refs:   LCD_WrCmd
                                                   LCD_WrDat
           ENTRY                   ADDRESS         REF BY
           =====                   =======         ======
           _A_P0                   00000080 
           LOCAL                   ADDRESS         
           =====                   =======         
           P0                      00000080 
    -------------------------------------------------------------------------
SFR_AN
  Relative segment, address: DATA 00000086 - 00000086 (0x1 bytes), align: 0
  Segment part 2. ROOT.       Intra module refs:   InitUART0
           ENTRY                   ADDRESS         REF BY
           =====                   =======         ======
           U0CSR                   00000086 
    -------------------------------------------------------------------------
SFR_AN
  Relative segment, address: DATA 00000090 - 00000090 (0x1 bytes), align: 0
  Segment part 3. ROOT.       Intra module refs:   LCD_Init
                                                   LCD_WrCmd
                                                   LCD_WrDat
           ENTRY                   ADDRESS         REF BY
           =====                   =======         ======
           _A_P1                   00000090 
           LOCAL                   ADDRESS         
           =====                   =======         
           P1                      00000090 
    -------------------------------------------------------------------------
SFR_AN
  Relative segment, address: DATA 0000009A - 0000009A (0x1 bytes), align: 0
  Segment part 4. ROOT.       Intra module refs:   initTempSensor
           ENTRY                   ADDRESS         REF BY
           =====                   =======         ======
           IEN2                    0000009A 
    -------------------------------------------------------------------------
SFR_AN
  Relative segment, address: DATA 0000009E - 0000009E (0x1 bytes), align: 0
  Segment part 5. ROOT.       Intra module refs:   InitClock
           ENTRY                   ADDRESS         REF BY
           =====                   =======         ======
           CLKCONSTA               0000009E 
    -------------------------------------------------------------------------
SFR_AN
  Relative segment, address: DATA 000000A8 - 000000A8 (0x1 bytes), align: 0
  Segment part 6. ROOT.       Intra module refs:   InitUART0
                                                   initTempSensor
           ENTRY                   ADDRESS         REF BY
           =====                   =======         ======
           _A_IEN0                 000000A8 
           LOCAL                   ADDRESS         
           =====                   =======         
           IEN0                    000000A8 
    -------------------------------------------------------------------------
SFR_AN
  Relative segment, address: DATA 000000B4 - 000000B4 (0x1 bytes), align: 0
  Segment part 7. ROOT.       Intra module refs:   getTemperature
           ENTRY                   ADDRESS         REF BY
           =====                   =======         ======
           ADCCON1                 000000B4 
    -------------------------------------------------------------------------
SFR_AN
  Relative segment, address: DATA 000000B6 - 000000B6 (0x1 bytes), align: 0
  Segment part 8. ROOT.       Intra module refs:   getTemperature
           ENTRY                   ADDRESS         REF BY
           =====                   =======         ======
           ADCCON3                 000000B6 
    -------------------------------------------------------------------------
SFR_AN
  Relative segment, address: DATA 000000B8 - 000000B8 (0x1 bytes), align: 0
  Segment part 9. ROOT.       Intra module refs:   initTempSensor
           ENTRY                   ADDRESS         REF BY
           =====                   =======         ======
           _A_IEN1                 000000B8 
           LOCAL                   ADDRESS         
           =====                   =======         
           IEN1                    000000B8 
    -------------------------------------------------------------------------
SFR_AN
  Relative segment, address: DATA 000000BA - 000000BA (0x1 bytes), align: 0
  Segment part 10. ROOT.      Intra module refs:   getTemperature
           ENTRY                   ADDRESS         REF BY
           =====                   =======         ======
           ADCL                    000000BA 
    -------------------------------------------------------------------------
SFR_AN
  Relative segment, address: DATA 000000BB - 000000BB (0x1 bytes), align: 0
  Segment part 11. ROOT.      Intra module refs:   getTemperature
           ENTRY                   ADDRESS         REF BY
           =====                   =======         ======
           ADCH                    000000BB 
    -------------------------------------------------------------------------
SFR_AN
  Relative segment, address: DATA 000000C1 - 000000C1 (0x1 bytes), align: 0
  Segment part 12. ROOT.      Intra module refs:   UartTX_Send_String
           ENTRY                   ADDRESS         REF BY
           =====                   =======         ======
           U0DBUF                  000000C1 
    -------------------------------------------------------------------------
SFR_AN
  Relative segment, address: DATA 000000C2 - 000000C2 (0x1 bytes), align: 0
  Segment part 13. ROOT.      Intra module refs:   InitUART0
           ENTRY                   ADDRESS         REF BY
           =====                   =======         ======
           U0BAUD                  000000C2 
    -------------------------------------------------------------------------
SFR_AN
  Relative segment, address: DATA 000000C5 - 000000C5 (0x1 bytes), align: 0
  Segment part 14. ROOT.      Intra module refs:   InitUART0
           ENTRY                   ADDRESS         REF BY
           =====                   =======         ======
           U0GCR                   000000C5 
    -------------------------------------------------------------------------
SFR_AN
  Relative segment, address: DATA 000000C6 - 000000C6 (0x1 bytes), align: 0
  Segment part 15. ROOT.      Intra module refs:   InitClock
           ENTRY                   ADDRESS         REF BY
           =====                   =======         ======
           CLKCONCMD               000000C6 
    -------------------------------------------------------------------------
SFR_AN
  Relative segment, address: DATA 000000CB - 000000CB (0x1 bytes), align: 0
  Segment part 16. ROOT.
           ENTRY                   ADDRESS         REF BY
           =====                   =======         ======
           T3CTL                   000000CB 
    -------------------------------------------------------------------------
SFR_AN
  Relative segment, address: DATA 000000CC - 000000CC (0x1 bytes), align: 0
  Segment part 17. ROOT.
           ENTRY                   ADDRESS         REF BY
           =====                   =======         ======
           T3CCTL0                 000000CC 
    -------------------------------------------------------------------------
SFR_AN
  Relative segment, address: DATA 000000CD - 000000CD (0x1 bytes), align: 0
  Segment part 18. ROOT.
           ENTRY                   ADDRESS         REF BY
           =====                   =======         ======
           T3CC0                   000000CD 
    -------------------------------------------------------------------------
SFR_AN
  Relative segment, address: DATA 000000E8 - 000000E8 (0x1 bytes), align: 0
  Segment part 19. ROOT.      Intra module refs:   InitUART0
                                                   UartTX_Send_String
           ENTRY                   ADDRESS         REF BY
           =====                   =======         ======
           _A_IRCON2               000000E8 
           LOCAL                   ADDRESS         
           =====                   =======         
           IRCON2                  000000E8 
    -------------------------------------------------------------------------
SFR_AN
  Relative segment, address: DATA 000000F1 - 000000F1 (0x1 bytes), align: 0
  Segment part 20. ROOT.      Intra module refs:   InitUART0
           ENTRY                   ADDRESS         REF BY
           =====                   =======         ======
           PERCFG                  000000F1 
    -------------------------------------------------------------------------
SFR_AN
  Relative segment, address: DATA 000000F3 - 000000F3 (0x1 bytes), align: 0
  Segment part 21. ROOT.      Intra module refs:   InitUART0
                                                   LCD_Init
           ENTRY                   ADDRESS         REF BY
           =====                   =======         ======
           P0SEL                   000000F3 
    -------------------------------------------------------------------------
SFR_AN
  Relative segment, address: DATA 000000F4 - 000000F4 (0x1 bytes), align: 0
  Segment part 22. ROOT.      Intra module refs:   LCD_Init
           ENTRY                   ADDRESS         REF BY
           =====                   =======         ======
           P1SEL                   000000F4 
    -------------------------------------------------------------------------
SFR_AN
  Relative segment, address: DATA 000000FD - 000000FD (0x1 bytes), align: 0
  Segment part 23. ROOT.      Intra module refs:   LCD_Init
           ENTRY                   ADDRESS         REF BY
           =====                   =======         ======
           P0DIR                   000000FD 
    -------------------------------------------------------------------------
SFR_AN
  Relative segment, address: DATA 000000FE - 000000FE (0x1 bytes), align: 0
  Segment part 24. ROOT.      Intra module refs:   LCD_Init
           ENTRY                   ADDRESS         REF BY
           =====                   =======         ======
           P1DIR                   000000FE 
    -------------------------------------------------------------------------
SFR_AN
  Relative segment, address: DATA 000000FF - 000000FF (0x1 bytes), align: 0
  Segment part 25. ROOT.      Intra module refs:   InitUART0
           ENTRY                   ADDRESS         REF BY
           =====                   =======         ======
           P2DIR                   000000FF 
    -------------------------------------------------------------------------
<BANKED_CODE> 1 (was BANKED_CODE)
  Relative segment, address: CODE 00002528 - 00002533 (0xc bytes), align: 0
  Segment part 45.            Intra module refs:   InitClock::?relay
           ENTRY                   ADDRESS         REF BY
           =====                   =======         ======
           InitClock               00002528 
    -------------------------------------------------------------------------
<BANKED_CODE> 1 (was BANKED_CODE)
  Relative segment, address: CODE 00002534 - 00002550 (0x1d bytes), align: 0
  Segment part 51.            Intra module refs:   InitUART0::?relay
           ENTRY                   ADDRESS         REF BY
           =====                   =======         ======
           InitUART0               00002534 
               XSTACK = 0000001E ( 00000000 )
    -------------------------------------------------------------------------
<BANKED_CODE> 1 (was BANKED_CODE)
  Relative segment, address: CODE 00002551 - 0000258A (0x3a bytes), align: 0
  Segment part 53.            Intra module refs:   UartTX_Send_String::?relay
           ENTRY                   ADDRESS         REF BY
           =====                   =======         ======
           UartTX_Send_String      00002551 
               XSTACK = 0000001E ( 00000009 )
    -------------------------------------------------------------------------
<BANKED_CODE> 1 (was BANKED_CODE)
  Relative segment, address: CODE 0000258B - 00002650 (0xc6 bytes), align: 0
  Segment part 55.            Intra module refs:   Delay::?relay
           ENTRY                   ADDRESS         REF BY
           =====                   =======         ======
           Delay                   0000258B 
               XSTACK = 0000001E ( 00000000 )
    -------------------------------------------------------------------------
XDATA_I
  Relative segment, address: XDATA 00000220 - 00000230 (0x11 bytes), align: 0
  Segment part 32.            Intra module refs:   main
    -------------------------------------------------------------------------
XDATA_I
  Relative segment, address: XDATA 00000231 - 00000232 (0x2 bytes), align: 0
  Segment part 34.            Intra module refs:   main
    -------------------------------------------------------------------------
XDATA_I
  Relative segment, address: XDATA 00000233 - 000004B2 (0x280 bytes), align: 0
  Segment part 36.            Intra module refs:   LCD_P16x16Ch
           ENTRY                   ADDRESS         REF BY
           =====                   =======         ======
           F16x16                  00000233 
    -------------------------------------------------------------------------
XDATA_I
  Relative segment, address: XDATA 000004B3 - 00000AA2 (0x5f0 bytes), align: 0
  Segment part 40.            Intra module refs:   LCD_P8x16Str
           ENTRY                   ADDRESS         REF BY
           =====                   =======         ======
           F8X16                   000004B3 
    -------------------------------------------------------------------------
<BANKED_CODE> 1 (was BANKED_CODE)
  Relative segment, address: CODE 00002651 - 00002675 (0x25 bytes), align: 0
  Segment part 59.            Intra module refs:   LCD_DLY_ms::?relay
           ENTRY                   ADDRESS         REF BY
           =====                   =======         ======
           LCD_DLY_ms              00002651 
    -------------------------------------------------------------------------
<BANKED_CODE> 1 (was BANKED_CODE)
  Relative segment, address: CODE 00002676 - 0000269C (0x27 bytes), align: 0
  Segment part 61.            Intra module refs:   LCD_WrDat::?relay
           ENTRY                   ADDRESS         REF BY
           =====                   =======         ======
           LCD_WrDat               00002676 
               XSTACK = 00000010 ( 00000000 )
    -------------------------------------------------------------------------
<BANKED_CODE> 1 (was BANKED_CODE)
  Relative segment, address: CODE 0000269D - 000026C3 (0x27 bytes), align: 0
  Segment part 63.            Intra module refs:   LCD_WrCmd::?relay
           ENTRY                   ADDRESS         REF BY
           =====                   =======         ======
           LCD_WrCmd               0000269D 
               XSTACK = 00000009 ( 00000000 )
    -------------------------------------------------------------------------
<BANKED_CODE> 1 (was BANKED_CODE)
  Relative segment, address: CODE 000026C4 - 000026EB (0x28 bytes), align: 0
  Segment part 65.            Intra module refs:   LCD_Set_Pos::?relay
           ENTRY                   ADDRESS         REF BY
           =====                   =======         ======
           LCD_Set_Pos             000026C4 
               calls direct
               XSTACK = 00000010 ( 00000009 )
    -------------------------------------------------------------------------
<BANKED_CODE> 1 (was BANKED_CODE)
  Relative segment, address: CODE 000026EC - 00002727 (0x3c bytes), align: 0
  Segment part 67.            Intra module refs:   LCD_Fill::?relay
           ENTRY                   ADDRESS         REF BY
           =====                   =======         ======
           LCD_Fill                000026EC 
               calls direct
               XSTACK = 00000000 ( 00000009 )
    -------------------------------------------------------------------------
<BANKED_CODE> 1 (was BANKED_CODE)
  Relative segment, address: CODE 00002728 - 0000275D (0x36 bytes), align: 0
  Segment part 69.            Intra module refs:   LCD_CLS::?relay
           ENTRY                   ADDRESS         REF BY
           =====                   =======         ======
           LCD_CLS                 00002728 
               calls direct
               XSTACK = 0000001E ( 00000009 )
    -------------------------------------------------------------------------
<BANKED_CODE> 1 (was BANKED_CODE)
  Relative segment, address: CODE 0000275E - 00002819 (0xbc bytes), align: 0
  Segment part 71.            Intra module refs:   LCD_Init::?relay
           ENTRY                   ADDRESS         REF BY
           =====                   =======         ======
           LCD_Init                0000275E 
               calls direct
               XSTACK = 0000001E ( 00000000 )
               ISTACK = 00000000 ( 00000002 )
    -------------------------------------------------------------------------
<BANKED_CODE> 1 (was BANKED_CODE)
  Relative segment, address: CODE 0000281A - 0000290E (0xf5 bytes), align: 0
  Segment part 75.            Intra module refs:   LCD_P8x16Str::?relay
           ENTRY                   ADDRESS         REF BY
           =====                   =======         ======
           LCD_P8x16Str            0000281A 
               calls direct
               XSTACK = 0000001E ( 00000010 )
    -------------------------------------------------------------------------
<BANKED_CODE> 1 (was BANKED_CODE)
  Relative segment, address: CODE 0000290F - 00002997 (0x89 bytes), align: 0
  Segment part 77.            Intra module refs:   LCD_P16x16Ch::?relay
           ENTRY                   ADDRESS         REF BY
           =====                   =======         ======
           LCD_P16x16Ch            0000290F 
               calls direct
               XSTACK = 00000009 ( 0000000C )
    -------------------------------------------------------------------------
<BANKED_CODE> 1 (was BANKED_CODE)
  Relative segment, address: CODE 00002998 - 000029FD (0x66 bytes), align: 0
  Segment part 81.            Intra module refs:   LCD_welcome::?relay
           ENTRY                   ADDRESS         REF BY
           =====                   =======         ======
           LCD_welcome             00002998 
               calls direct
               XSTACK = 0000001E ( 00000009 )
    -------------------------------------------------------------------------
XDATA_Z
  Relative segment, address: XDATA 00000200 - 0000021D (0x1e bytes), align: 0
  Segment part 31.            Intra module refs:   main
    -------------------------------------------------------------------------
XDATA_Z
  Relative segment, address: XDATA 0000021E - 0000021F (0x2 bytes), align: 0
  Segment part 44.            Intra module refs:   main
           ENTRY                   ADDRESS         REF BY
           =====                   =======         ======
           AvgTemp                 0000021E 
    -------------------------------------------------------------------------
<BANKED_CODE> 1 (was BANKED_CODE)
  Relative segment, address: CODE 000029FE - 00002A1F (0x22 bytes), align: 0
  Segment part 83.            Intra module refs:   initTempSensor::?relay
           ENTRY                   ADDRESS         REF BY
           =====                   =======         ======
           initTempSensor          000029FE 
               calls direct
               XSTACK = 0000001E ( 00000000 )
               ISTACK = 00000000 ( 00000002 )
    -------------------------------------------------------------------------
<BANKED_CODE> 1 (was BANKED_CODE)
  Relative segment, address: CODE 00002A20 - 00002A92 (0x73 bytes), align: 0
  Segment part 85.            Intra module refs:   getTemperature::?relay
           ENTRY                   ADDRESS         REF BY
           =====                   =======         ======
           getTemperature          00002A20 
               XSTACK = 0000001E ( 0000000E )
    -------------------------------------------------------------------------
<BANKED_CODE> 1 (was BANKED_CODE)
  Relative segment, address: CODE 00002A93 - 00002B92 (0x100 bytes), align: 0
  Segment part 87.
           ENTRY                   ADDRESS         REF BY
           =====                   =======         ======
           main                    00002A93        ?call_main (?cmain)
               calls direct
               XSTACK = 00000000 ( 00000020 )
               ISTACK = 00000000 ( 00000002 )
    -------------------------------------------------------------------------
XDATA_ID
  Relative segment, address: CODE 00000093 - 000000A3 (0x11 bytes), align: 0
  Segment part 33.            Intra module refs:   Segment part 32
    -------------------------------------------------------------------------
XDATA_ID
  Relative segment, address: CODE 000000A4 - 000000A5 (0x2 bytes), align: 0
  Segment part 35.            Intra module refs:   Segment part 34
    -------------------------------------------------------------------------
XDATA_ID
  Relative segment, address: CODE 000000A6 - 00000325 (0x280 bytes), align: 0
  Segment part 37.            Intra module refs:   F16x16
    -------------------------------------------------------------------------
XDATA_ID
  Relative segment, address: CODE 00000326 - 00000915 (0x5f0 bytes), align: 0
  Segment part 41.            Intra module refs:   F8X16
    -------------------------------------------------------------------------
BANK_RELAYS
  Relative segment, address: CODE 00000966 - 0000096B (0x6 bytes), align: 0
  Segment part 46.            Intra module refs:   initTempSensor
           ENTRY                   ADDRESS         REF BY
           =====                   =======         ======
           InitClock::?relay       00000966 
    -------------------------------------------------------------------------
BANK_RELAYS
  Relative segment, address: CODE 0000096C - 00000971 (0x6 bytes), align: 0
  Segment part 52.            Intra module refs:   main
           ENTRY                   ADDRESS         REF BY
           =====                   =======         ======
           InitUART0::?relay       0000096C 
    -------------------------------------------------------------------------
BANK_RELAYS
  Relative segment, address: CODE 00000972 - 00000977 (0x6 bytes), align: 0
  Segment part 54.            Intra module refs:   main
           ENTRY                   ADDRESS         REF BY
           =====                   =======         ======
           UartTX_Send_String::?relay
                                   00000972 
    -------------------------------------------------------------------------
BANK_RELAYS
  Relative segment, address: CODE 00000978 - 0000097D (0x6 bytes), align: 0
  Segment part 56.            Intra module refs:   main
           ENTRY                   ADDRESS         REF BY
           =====                   =======         ======
           Delay::?relay           00000978 
    -------------------------------------------------------------------------
BANK_RELAYS
  Relative segment, address: CODE 0000097E - 00000983 (0x6 bytes), align: 0
  Segment part 60.            Intra module refs:   LCD_Init
           ENTRY                   ADDRESS         REF BY
           =====                   =======         ======
           LCD_DLY_ms::?relay      0000097E 
    -------------------------------------------------------------------------
BANK_RELAYS
  Relative segment, address: CODE 00000984 - 00000989 (0x6 bytes), align: 0
  Segment part 62.            Intra module refs:   LCD_CLS
                                                   LCD_Fill
                                                   LCD_P16x16Ch
                                                   LCD_P8x16Str
           ENTRY                   ADDRESS         REF BY
           =====                   =======         ======
           LCD_WrDat::?relay       00000984 
    -------------------------------------------------------------------------
BANK_RELAYS
  Relative segment, address: CODE 0000098A - 0000098F (0x6 bytes), align: 0
  Segment part 64.            Intra module refs:   LCD_CLS
                                                   LCD_Fill
                                                   LCD_Init
                                                   LCD_Set_Pos
           ENTRY                   ADDRESS         REF BY
           =====                   =======         ======
           LCD_WrCmd::?relay       0000098A 
    -------------------------------------------------------------------------
BANK_RELAYS
  Relative segment, address: CODE 00000990 - 00000995 (0x6 bytes), align: 0
  Segment part 66.            Intra module refs:   LCD_Init
                                                   LCD_P16x16Ch
                                                   LCD_P8x16Str
           ENTRY                   ADDRESS         REF BY
           =====                   =======         ======
           LCD_Set_Pos::?relay     00000990 
    -------------------------------------------------------------------------
BANK_RELAYS
  Relative segment, address: CODE 00000996 - 0000099B (0x6 bytes), align: 0
  Segment part 68.            Intra module refs:   LCD_Init
           ENTRY                   ADDRESS         REF BY
           =====                   =======         ======
           LCD_Fill::?relay        00000996 
    -------------------------------------------------------------------------
BANK_RELAYS
  Relative segment, address: CODE 0000099C - 000009A1 (0x6 bytes), align: 0
  Segment part 70.            Intra module refs:   main
           ENTRY                   ADDRESS         REF BY
           =====                   =======         ======
           LCD_CLS::?relay         0000099C 
    -------------------------------------------------------------------------
BANK_RELAYS
  Relative segment, address: CODE 000009A2 - 000009A7 (0x6 bytes), align: 0
  Segment part 72.            Intra module refs:   main
           ENTRY                   ADDRESS         REF BY
           =====                   =======         ======
           LCD_Init::?relay        000009A2 
    -------------------------------------------------------------------------
BANK_RELAYS
  Relative segment, address: CODE 000009A8 - 000009AD (0x6 bytes), align: 0
  Segment part 76.            Intra module refs:   main
           ENTRY                   ADDRESS         REF BY
           =====                   =======         ======
           LCD_P8x16Str::?relay    000009A8 
    -------------------------------------------------------------------------
BANK_RELAYS
  Relative segment, address: CODE 000009AE - 000009B3 (0x6 bytes), align: 0
  Segment part 78.            Intra module refs:   LCD_welcome
           ENTRY                   ADDRESS         REF BY
           =====                   =======         ======
           LCD_P16x16Ch::?relay    000009AE 
    -------------------------------------------------------------------------
BANK_RELAYS
  Relative segment, address: CODE 000009B4 - 000009B9 (0x6 bytes), align: 0
  Segment part 82.            Intra module refs:   main
           ENTRY                   ADDRESS         REF BY
           =====                   =======         ======
           LCD_welcome::?relay     000009B4 
    -------------------------------------------------------------------------
BANK_RELAYS
  Relative segment, address: CODE 000009BA - 000009BF (0x6 bytes), align: 0
  Segment part 84.            Intra module refs:   main
           ENTRY                   ADDRESS         REF BY
           =====                   =======         ======
           initTempSensor::?relay
                                   000009BA 
    -------------------------------------------------------------------------
BANK_RELAYS
  Relative segment, address: CODE 000009C0 - 000009C5 (0x6 bytes), align: 0
  Segment part 86.            Intra module refs:   main
           ENTRY                   ADDRESS         REF BY
           =====                   =======         ======
           getTemperature::?relay
                                   000009C0 

    *************************************************************************

  FILE NAME : d:\Program Files\IAR Systems\Embedded Workbench 6.0 Evaluation\8051\LIB\CLIB\cl-pli-blxd-1e16x01.r51
  LIBRARY MODULE, NAME : ?cexit

  SEGMENTS IN THE MODULE
  ======================
CSTART
  Relative segment, address: CODE 00000003 - 00000007 (0x5 bytes), align: 0
  Segment part 0.
           ENTRY                   ADDRESS         REF BY
           =====                   =======         ======
           exit                    00000003        ?call_main (?cmain)
           ?C_EXIT                 00000003 
           ?ROM_MONITOR_NOPS       00000003 

    -------------------------------------------------------------------------
  LIBRARY MODULE, NAME : ?cmain

  SEGMENTS IN THE MODULE
  ======================
CSTART
  Relative segment, address: CODE 00000008, align: 0
  Segment part 0.
           ENTRY                   ADDRESS         REF BY
           =====                   =======         ======
           ?cmain                  00000008        Segment part 13 (CSTARTUP)
    -------------------------------------------------------------------------
CSTART
  Relative segment, address: CODE 00000008 - 00000010 (0x9 bytes), align: 0
  Segment part 1.
           ENTRY                   ADDRESS         REF BY
           =====                   =======         ======
           __low_level_init_call   00000008        __low_level_init (?low_level_init)
    -------------------------------------------------------------------------
CSTART
  Relative segment, address: CODE 00000011 - 00000020 (0x10 bytes), align: 0
  Segment part 11.
           ENTRY                   ADDRESS         REF BY
           =====                   =======         ======
           __INIT_XDATA_Z          00000011        AvgTemp (CC2530AD1Test)
                                                   Segment part 31 (CC2530AD1Test)
    -------------------------------------------------------------------------
CSTART
  Relative segment, address: CODE 00000021 - 00000049 (0x29 bytes), align: 0
  Segment part 28.
           ENTRY                   ADDRESS         REF BY
           =====                   =======         ======
           __INIT_XDATA_I          00000021        F16x16 (CC2530AD1Test)
                                                   F8X16 (CC2530AD1Test)
                                                   Segment part 10 (?largewr)
                                                   Segment part 32 (CC2530AD1Test)
                                                   Segment part 34 (CC2530AD1Test)
                                                   Segment part 6 (?largewr)
                                                   Segment part 8 (?largewr)
                                                   __Constant_0 (?largewr)
                                                   __Constant_10 (?largewr)
                                                   __Constant_2edbe700 (?largewr)
                                                   __Constant_3f800000 (?largewr)
                                                   __Constant_40a00000 (?largewr)
                                                   __Constant_41200000 (?largewr)
                                                   __Constant_501502f9 (?largewr)
                                                   __Constant_51ba43b7 (?largewr)
                                                   __Constant_7f800000 (?largewr)
                                                   __Constant_8 (?largewr)
                                                   __Constant_a (?largewr)
    -------------------------------------------------------------------------
CSTART
  Relative segment, address: CODE 0000004A, align: 0
  Segment part 32.            Intra module refs:   __low_level_init_call
    -------------------------------------------------------------------------
CSTART
  Relative segment, address: CODE 0000004A - 0000005F (0x16 bytes), align: 0
  Segment part 33.            Intra module refs:   ?cmain
           ENTRY                   ADDRESS         REF BY
           =====                   =======         ======
           ?call_main              0000004A 

    -------------------------------------------------------------------------
  LIBRARY MODULE, NAME : CSTARTUP

  SEGMENTS IN THE MODULE
  ======================
REGISTERS
  Relative segment, address: DATA 00000000, align: 0
  Segment part 0.             Intra module refs:   Segment part 6
           ENTRY                   ADDRESS         REF BY
           =====                   =======         ======
           ?REGISTERS              00000000 
    -------------------------------------------------------------------------
ISTACK
  Relative segment, address: IDATA 00000040, align: 0
  Segment part 1.             Intra module refs:   Segment part 6
           ENTRY                   ADDRESS         REF BY
           =====                   =======         ======
           ?ISTACK_START           00000040 
    -------------------------------------------------------------------------
XSTACK
  Relative segment, address: XDATA 00000001, align: 0
  Segment part 3.             Intra module refs:   ?RESET_XSP
           ENTRY                   ADDRESS         REF BY
           =====                   =======         ======
           ?XSTACK_START           00000001 
    -------------------------------------------------------------------------
INTVEC
  Common segment, address: CODE 00000000 - 00000002 (0x3 bytes), align: 0
  Segment part 5. ROOT.       Intra module refs:   Segment part 6
    -------------------------------------------------------------------------
CSTART
  Relative segment, address: CODE 00000060 - 00000065 (0x6 bytes), align: 0
  Segment part 6. ROOT.       Intra module refs:   Segment part 5
           ENTRY                   ADDRESS         REF BY
           =====                   =======         ======
           __program_start         00000060        Absolute parts (?ABS_ENTRY_MOD)
           ?RESET_SP               00000063 
    -------------------------------------------------------------------------
CSTART
  Relative segment, address: CODE 00000066 - 0000006B (0x6 bytes), align: 0
  Segment part 8.
           ENTRY                   ADDRESS         REF BY
           =====                   =======         ======
           ?RESET_XSP              00000066        ?XSP (VIRTUAL_REGISTERS)
    -------------------------------------------------------------------------
CSTART
  Relative segment, address: CODE 0000006C - 0000006E (0x3 bytes), align: 0
  Segment part 9.
           ENTRY                   ADDRESS         REF BY
           =====                   =======         ======
           ?RESET_CODE_BANK        0000006C        Absolute parts (?BANKED_CODE_SUPPORT)
    -------------------------------------------------------------------------
CSTART
  Relative segment, address: CODE 0000006F - 00000071 (0x3 bytes), align: 0
  Segment part 13.            Intra module refs:   Absolute parts

    -------------------------------------------------------------------------
  LIBRARY MODULE, NAME : VIRTUAL_REGISTERS

  SEGMENTS IN THE MODULE
  ======================
BREG
  Relative segment, address: BIT 00000020.0 - 00000020.7 (0x8 bits), align: 0
  Segment part 0.
           ENTRY                   ADDRESS         REF BY
           =====                   =======         ======
           ?B0                     00000020.0      Absolute parts (CSTARTUP)
    -------------------------------------------------------------------------
VREG
  Relative segment, address: DATA 00000008, align: 0
  Segment part 1.
           ENTRY                   ADDRESS         REF BY
           =====                   =======         ======
           ?V0                     00000008        ?BANKED_ENTER_XDATA (?BANKED_ENTER_XDATA)
                                                   ?BANKED_LEAVE_XDATA (?BANKED_LEAVE_XDATA)
                                                   ?SL_GE_X (?SL_GE_X)
                                                   LCD_Fill (CC2530AD1Test)
                                                   LCD_P16x16Ch (CC2530AD1Test)
                                                   LCD_P8x16Str (CC2530AD1Test)
                                                   Segment part 84 (?largewr)
                                                   _formatted_write (?largewr)
                                                   float_conversion (?largewr)
                                                   getTemperature (CC2530AD1Test)
                                                   main (CC2530AD1Test)
                                                   sprintf (?sprintf)
    -------------------------------------------------------------------------
XSP
  Relative segment, address: DATA 00000010 - 00000011 (0x2 bytes), align: 0
  Segment part 3.
           ENTRY                   ADDRESS         REF BY
           =====                   =======         ======
           ?XSP                    00000010        ?ADD_XSTACK_DISP0_8 (?ADD_XSTACK_DISP8)
                                                   ?ALLOC_XSTACK8 (?ALLOC_XSTACK8)
                                                   ?BANKED_ENTER_XDATA (?BANKED_ENTER_XDATA)
                                                   ?BANKED_LEAVE_XDATA (?BANKED_LEAVE_XDATA)
                                                   ?DEALLOC_XSTACK8 (?DEALLOC_XSTACK8)
                                                   ?PUSH_XSTACK8_X (?PUSH_XSTACK8_X)
                                                   ?RESET_XSP (CSTARTUP)
                                                   ?XSTACK_DISP0_8 (?XSTACK_DISP8)
                                                   Segment part 108 (?largewr)
                                                   Segment part 110 (?largewr)
                                                   Segment part 114 (?largewr)
                                                   Segment part 40 (?largewr)
                                                   Segment part 43 (?largewr)
                                                   Segment part 50 (?largewr)
                                                   Segment part 55 (?largewr)
                                                   Segment part 58 (?largewr)
                                                   Segment part 81 (?largewr)
                                                   Segment part 93 (?largewr)
                                                   _formatted_write (?largewr)
                                                   float_conversion (?largewr)
                                                   main (CC2530AD1Test)
                                                   sprintf (?sprintf)

    -------------------------------------------------------------------------
  LIBRARY MODULE, NAME : ?BANKED_CODE_SUPPORT

  SEGMENTS IN THE MODULE
  ======================
CSTART
  Relative segment, address: CODE 00000072 - 0000008F (0x1e bytes), align: 0
  Segment part 0.
           ENTRY                   ADDRESS         REF BY
           =====                   =======         ======
           ?BCALL_FF               00000072        ?call_main (?cmain)
           ?BRET_FF                00000078        ?BANKED_LEAVE_XDATA (?BANKED_LEAVE_XDATA)
                                                   Delay (CC2530AD1Test)
                                                   InitClock (CC2530AD1Test)
                                                   InitUART0 (CC2530AD1Test)
                                                   LCD_DLY_ms (CC2530AD1Test)
                                                   LCD_Init (CC2530AD1Test)
                                                   LCD_WrCmd (CC2530AD1Test)
                                                   LCD_WrDat (CC2530AD1Test)
                                                   initTempSensor (CC2530AD1Test)
                                                   put_c_in_string (?sprintf)
                                                   strlen (?strlen)
           ?BDISPATCH_FF           0000007B        Delay::?relay (CC2530AD1Test)
                                                   InitClock::?relay (CC2530AD1Test)
                                                   InitUART0::?relay (CC2530AD1Test)
                                                   LCD_CLS::?relay (CC2530AD1Test)
                                                   LCD_DLY_ms::?relay (CC2530AD1Test)
                                                   LCD_Fill::?relay (CC2530AD1Test)
                                                   LCD_Init::?relay (CC2530AD1Test)
                                                   LCD_P16x16Ch::?relay (CC2530AD1Test)
                                                   LCD_P8x16Str::?relay (CC2530AD1Test)
                                                   LCD_Set_Pos::?relay (CC2530AD1Test)
                                                   LCD_WrCmd::?relay (CC2530AD1Test)
                                                   LCD_WrDat::?relay (CC2530AD1Test)
                                                   LCD_welcome::?relay (CC2530AD1Test)
                                                   UartTX_Send_String::?relay (CC2530AD1Test)
                                                   _formatted_write::?relay (?largewr)
                                                   float_conversion::?relay (?largewr)
                                                   getTemperature::?relay (CC2530AD1Test)
                                                   initTempSensor::?relay (CC2530AD1Test)
                                                   memset::?relay (?memset)
                                                   put_c_in_string::?relay (?sprintf)
                                                   sprintf::?relay (?sprintf)
                                                   strlen::?relay (?strlen)

    -------------------------------------------------------------------------
  LIBRARY MODULE, NAME : ?SL_GE_X

  SEGMENTS IN THE MODULE
  ======================
RCODE
  Relative segment, address: CODE 000009EA - 00000A0F (0x26 bytes), align: 0
  Segment part 1.
           ENTRY                   ADDRESS         REF BY
           =====                   =======         ======
           ?SL_GE_X                000009EA        _formatted_write (?largewr)

    -------------------------------------------------------------------------
  LIBRARY MODULE, NAME : ?L_TO_FLT

  SEGMENTS IN THE MODULE
  ======================
RCODE
  Relative segment, address: CODE 00000A10 - 00000A12 (0x3 bytes), align: 0
  Segment part 0.
           ENTRY                   ADDRESS         REF BY
           =====                   =======         ======
           ?L_TO_FLT               00000A10        float_conversion (?largewr)
    -------------------------------------------------------------------------
RCODE
  Relative segment, address: CODE 00000A13 - 00000A27 (0x15 bytes), align: 0
  Segment part 1.             Intra module refs:   ?L_TO_FLT
           ENTRY                   ADDRESS         REF BY
           =====                   =======         ======
           ?L_TO_FLT_REW           00000A13 
    -------------------------------------------------------------------------
RCODE
  Relative segment, address: CODE 00000A28 - 00000A2A (0x3 bytes), align: 0
  Segment part 2.             Intra module refs:   ?L_TO_FLT_REW
           ENTRY                   ADDRESS         REF BY
           =====                   =======         ======
           ?UL_TO_FLT_REW          00000A28 
    -------------------------------------------------------------------------
RCODE
  Relative segment, address: CODE 00000A2B - 00000A87 (0x5d bytes), align: 0
  Segment part 3.             Intra module refs:   ?L_TO_FLT_REW
                                                   ?UL_TO_FLT_REW
           ENTRY                   ADDRESS         REF BY
           =====                   =======         ======
           ?UL_TO_FLT              00000A2B 

    -------------------------------------------------------------------------
  LIBRARY MODULE, NAME : ?FLT_TO_L

  SEGMENTS IN THE MODULE
  ======================
RCODE
  Relative segment, address: CODE 00000A88 - 00000ABB (0x34 bytes), align: 0
  Segment part 5.
           ENTRY                   ADDRESS         REF BY
           =====                   =======         ======
           ?FLT_TO_L               00000A88        float_conversion (?largewr)
    -------------------------------------------------------------------------
RCODE
  Relative segment, address: CODE 00000ABC - 00000AC7 (0xc bytes), align: 0
  Segment part 6.             Intra module refs:   ?FLT_TO_L
    -------------------------------------------------------------------------
RCODE
  Relative segment, address: CODE 00000AC8 - 00000B16 (0x4f bytes), align: 0
  Segment part 7.             Intra module refs:   ?FLT_TO_L

    -------------------------------------------------------------------------
  LIBRARY MODULE, NAME : ?FLT_TEST_ZERO

  SEGMENTS IN THE MODULE
  ======================
RCODE
  Relative segment, address: CODE 00000B17 - 00000B20 (0xa bytes), align: 0
  Segment part 1.
           ENTRY                   ADDRESS         REF BY
           =====                   =======         ======
           ?FLT_TEST_ZERO_REW      00000B17        ?FLT_ADD (?FLT_ADD)
                                                   ?FLT_DIV (?FLT_DIV)
                                                   ?FLT_EQ (?FLT_EQ)
                                                   ?FLT_GE (?FLT_GE)
                                                   ?FLT_LT (?FLT_LT)
                                                   ?FLT_MUL (?FLT_MUL)

    -------------------------------------------------------------------------
  LIBRARY MODULE, NAME : ?FLT_TEST_ZERO_R1

  SEGMENTS IN THE MODULE
  ======================
RCODE
  Relative segment, address: CODE 00000B21 - 00000B2A (0xa bytes), align: 0
  Segment part 1.
           ENTRY                   ADDRESS         REF BY
           =====                   =======         ======
           ?FLT_TEST_ZERO_R1_REW   00000B21        ?FLT_ADD (?FLT_ADD)
                                                   ?FLT_DIV (?FLT_DIV)
                                                   ?FLT_EQ (?FLT_EQ)
                                                   ?FLT_GE (?FLT_GE)
                                                   ?FLT_LT (?FLT_LT)
                                                   ?FLT_MUL (?FLT_MUL)

    -------------------------------------------------------------------------
  LIBRARY MODULE, NAME : ?FLT_TEST_INF

  SEGMENTS IN THE MODULE
  ======================
RCODE
  Relative segment, address: CODE 00000B2B - 00000B2D (0x3 bytes), align: 0
  Segment part 0.
           ENTRY                   ADDRESS         REF BY
           =====                   =======         ======
           ?FLT_TEST_INF_REW       00000B2B        ?FLT_ADD (?FLT_ADD)
                                                   ?FLT_MUL (?FLT_MUL)
    -------------------------------------------------------------------------
RCODE
  Relative segment, address: CODE 00000B2E - 00000B3F (0x12 bytes), align: 0
  Segment part 1.             Intra module refs:   ?FLT_TEST_INF_REW
           ENTRY                   ADDRESS         REF BY
           =====                   =======         ======
           ?FLT_TEST_INF           00000B2E        ?FLT_DIV (?FLT_DIV)

    -------------------------------------------------------------------------
  LIBRARY MODULE, NAME : ?FLT_TEST_INF_R1

  SEGMENTS IN THE MODULE
  ======================
RCODE
  Relative segment, address: CODE 00000B40 - 00000B42 (0x3 bytes), align: 0
  Segment part 0.
           ENTRY                   ADDRESS         REF BY
           =====                   =======         ======
           ?FLT_TEST_INF_R1_REW    00000B40        ?FLT_ADD (?FLT_ADD)
                                                   ?FLT_MUL (?FLT_MUL)
    -------------------------------------------------------------------------
RCODE
  Relative segment, address: CODE 00000B43 - 00000B54 (0x12 bytes), align: 0
  Segment part 1.             Intra module refs:   ?FLT_TEST_INF_R1_REW
           ENTRY                   ADDRESS         REF BY
           =====                   =======         ======
           ?FLT_TEST_INF_R1        00000B43        ?FLT_DIV (?FLT_DIV)

    -------------------------------------------------------------------------
  LIBRARY MODULE, NAME : ?FLT_TEST_NAN

  SEGMENTS IN THE MODULE
  ======================
RCODE
  Relative segment, address: CODE 00000B55 - 00000B63 (0xf bytes), align: 0
  Segment part 1.
           ENTRY                   ADDRESS         REF BY
           =====                   =======         ======
           ?FLT_TEST_NAN           00000B55        ?FLT_ADD (?FLT_ADD)
                                                   ?FLT_DIV (?FLT_DIV)
                                                   ?FLT_EQ (?FLT_EQ)
                                                   ?FLT_GE (?FLT_GE)
                                                   ?FLT_LT (?FLT_LT)
                                                   ?FLT_MUL (?FLT_MUL)
                                                   ?FLT_SUB (?FLT_ADD)

    -------------------------------------------------------------------------
  LIBRARY MODULE, NAME : ?FLT_TEST_NAN_R1

  SEGMENTS IN THE MODULE
  ======================
RCODE
  Relative segment, address: CODE 00000B64 - 00000B72 (0xf bytes), align: 0
  Segment part 1.
           ENTRY                   ADDRESS         REF BY
           =====                   =======         ======
           ?FLT_TEST_NAN_R1        00000B64        ?FLT_ADD (?FLT_ADD)
                                                   ?FLT_DIV (?FLT_DIV)
                                                   ?FLT_EQ (?FLT_EQ)
                                                   ?FLT_GE (?FLT_GE)
                                                   ?FLT_LT (?FLT_LT)
                                                   ?FLT_MUL (?FLT_MUL)
                                                   ?FLT_SUB (?FLT_ADD)

    -------------------------------------------------------------------------
  LIBRARY MODULE, NAME : ?FLT_EQ

  SEGMENTS IN THE MODULE
  ======================
RCODE
  Relative segment, address: CODE 00000B73 - 00000B9E (0x2c bytes), align: 0
  Segment part 1.
           ENTRY                   ADDRESS         REF BY
           =====                   =======         ======
           ?FLT_EQ                 00000B73        float_conversion (?largewr)

    -------------------------------------------------------------------------
  LIBRARY MODULE, NAME : ?FLT_GE

  SEGMENTS IN THE MODULE
  ======================
RCODE
  Relative segment, address: CODE 00000B9F - 00000BED (0x4f bytes), align: 0
  Segment part 1.
           ENTRY                   ADDRESS         REF BY
           =====                   =======         ======
           ?FLT_GE                 00000B9F        float_conversion (?largewr)

    -------------------------------------------------------------------------
  LIBRARY MODULE, NAME : ?FLT_LT

  SEGMENTS IN THE MODULE
  ======================
RCODE
  Relative segment, address: CODE 00000BEE - 00000C39 (0x4c bytes), align: 0
  Segment part 1.
           ENTRY                   ADDRESS         REF BY
           =====                   =======         ======
           ?FLT_LT                 00000BEE        _formatted_write (?largewr)
                                                   float_conversion (?largewr)

    -------------------------------------------------------------------------
  LIBRARY MODULE, NAME : ?FLT_MUL

  SEGMENTS IN THE MODULE
  ======================
RCODE
  Relative segment, address: CODE 00000C3A - 00000DB9 (0x180 bytes), align: 0
  Segment part 1.
           ENTRY                   ADDRESS         REF BY
           =====                   =======         ======
           ?FLT_MUL                00000C3A        float_conversion (?largewr)

    -------------------------------------------------------------------------
  LIBRARY MODULE, NAME : ?FLT_ADD

  SEGMENTS IN THE MODULE
  ======================
RCODE
  Relative segment, address: CODE 00000DBA - 00000DDE (0x25 bytes), align: 0
  Segment part 1.
           ENTRY                   ADDRESS         REF BY
           =====                   =======         ======
           ?FLT_SUB                00000DBA        float_conversion (?largewr)
    -------------------------------------------------------------------------
RCODE
  Relative segment, address: CODE 00000DDF - 00000FF5 (0x217 bytes), align: 0
  Segment part 3.             Intra module refs:   ?FLT_SUB
           ENTRY                   ADDRESS         REF BY
           =====                   =======         ======
           ?FLT_ADD                00000DDF 

    -------------------------------------------------------------------------
  LIBRARY MODULE, NAME : ?FLT_DIV

  SEGMENTS IN THE MODULE
  ======================
RCODE
  Relative segment, address: CODE 00000FF6 - 000011DB (0x1e6 bytes), align: 0
  Segment part 1.
           ENTRY                   ADDRESS         REF BY
           =====                   =======         ======
           ?FLT_DIV                00000FF6        float_conversion (?largewr)

    -------------------------------------------------------------------------
  LIBRARY MODULE, NAME : ?UL_DIV_MOD

  SEGMENTS IN THE MODULE
  ======================
RCODE
  Relative segment, address: CODE 000011DC - 0000124B (0x70 bytes), align: 0
  Segment part 1.
           ENTRY                   ADDRESS         REF BY
           =====                   =======         ======
           ?UL_DIV_MOD             000011DC        _formatted_write (?largewr)

    -------------------------------------------------------------------------
  LIBRARY MODULE, NAME : ?L_NEG

  SEGMENTS IN THE MODULE
  ======================
RCODE
  Relative segment, address: CODE 0000124C - 0000124E (0x3 bytes), align: 0
  Segment part 0.
           ENTRY                   ADDRESS         REF BY
           =====                   =======         ======
           ?L_NEG_REW              0000124C        ?L_TO_FLT_REW (?L_TO_FLT)
    -------------------------------------------------------------------------
RCODE
  Relative segment, address: CODE 0000124F - 0000125F (0x11 bytes), align: 0
  Segment part 1.             Intra module refs:   ?L_NEG_REW
           ENTRY                   ADDRESS         REF BY
           =====                   =======         ======
           ?L_NEG                  0000124F        _formatted_write (?largewr)

    -------------------------------------------------------------------------
  LIBRARY MODULE, NAME : ?L_MOV_X

  SEGMENTS IN THE MODULE
  ======================
RCODE
  Relative segment, address: CODE 00001260 - 0000126E (0xf bytes), align: 0
  Segment part 0.
           ENTRY                   ADDRESS         REF BY
           =====                   =======         ======
           ?L_MOV_X                00001260        _formatted_write (?largewr)
                                                   float_conversion (?largewr)

    -------------------------------------------------------------------------
  LIBRARY MODULE, NAME : ?L_MOV_TO_X

  SEGMENTS IN THE MODULE
  ======================
RCODE
  Relative segment, address: CODE 0000126F - 0000127D (0xf bytes), align: 0
  Segment part 2.
           ENTRY                   ADDRESS         REF BY
           =====                   =======         ======
           ?L_MOV_TO_X             0000126F        _formatted_write (?largewr)

    -------------------------------------------------------------------------
  LIBRARY MODULE, NAME : ?XLOAD_R2345

  SEGMENTS IN THE MODULE
  ======================
RCODE
  Relative segment, address: CODE 0000127E - 00001289 (0xc bytes), align: 0
  Segment part 0.
           ENTRY                   ADDRESS         REF BY
           =====                   =======         ======
           ?XLOAD_R2345            0000127E        _formatted_write (?largewr)

    -------------------------------------------------------------------------
  LIBRARY MODULE, NAME : ?XSTORE_R2345

  SEGMENTS IN THE MODULE
  ======================
RCODE
  Relative segment, address: CODE 0000128A - 00001295 (0xc bytes), align: 0
  Segment part 0.
           ENTRY                   ADDRESS         REF BY
           =====                   =======         ======
           ?XSTORE_R2345           0000128A        _formatted_write (?largewr)

    -------------------------------------------------------------------------
  LIBRARY MODULE, NAME : ?MOVE_LONG8_XDATA_IDATA

  SEGMENTS IN THE MODULE
  ======================
RCODE
  Relative segment, address: CODE 00001296 - 000012A2 (0xd bytes), align: 0
  Segment part 0.
           ENTRY                   ADDRESS         REF BY
           =====                   =======         ======
           ?MOVE_LONG8_XDATA_IDATA
                                   00001296        ?PUSH_XSTACK_I (?PUSH_XSTACK_I)

    -------------------------------------------------------------------------
  LIBRARY MODULE, NAME : ?MOVE_LONG8_XDATA_XDATA

  SEGMENTS IN THE MODULE
  ======================
RCODE
  Relative segment, address: CODE 000012A3 - 000012C3 (0x21 bytes), align: 0
  Segment part 0.
           ENTRY                   ADDRESS         REF BY
           =====                   =======         ======
           ?MOVE_LONG8_XDATA_XDATA
                                   000012A3        ?PUSH_XSTACK8_X (?PUSH_XSTACK8_X)
                                                   main (CC2530AD1Test)

    -------------------------------------------------------------------------
  LIBRARY MODULE, NAME : ?S_DIV_MOD

  SEGMENTS IN THE MODULE
  ======================
RCODE
  Relative segment, address: CODE 000012C4 - 00001304 (0x41 bytes), align: 0
  Segment part 0.
           ENTRY                   ADDRESS         REF BY
           =====                   =======         ======
           ?S_DIV_MOD              000012FD        float_conversion (?largewr)
    -------------------------------------------------------------------------
RCODE
  Relative segment, address: CODE 00001305 - 0000135D (0x59 bytes), align: 0
  Segment part 1.             Intra module refs:   ?S_DIV_MOD
           ENTRY                   ADDRESS         REF BY
           =====                   =======         ======
           ?US_DIV_MOD             00001305 

    -------------------------------------------------------------------------
  LIBRARY MODULE, NAME : ?SS_SHR

  SEGMENTS IN THE MODULE
  ======================
RCODE
  Relative segment, address: CODE 0000135E - 00001360 (0x3 bytes), align: 0
  Segment part 1.             Intra module refs:   Segment part 2
           ENTRY                   ADDRESS         REF BY
           =====                   =======         ======
           ?SS_SHR                 0000135E        main (CC2530AD1Test)
    -------------------------------------------------------------------------
RCODE
  Relative segment, address: CODE 00001361 - 0000136D (0xd bytes), align: 0
  Segment part 2.             Intra module refs:   ?SS_SHR

    -------------------------------------------------------------------------
  LIBRARY MODULE, NAME : ?US_SHR

  SEGMENTS IN THE MODULE
  ======================
RCODE
  Relative segment, address: CODE 0000136E - 00001370 (0x3 bytes), align: 0
  Segment part 1.             Intra module refs:   Segment part 2
           ENTRY                   ADDRESS         REF BY
           =====                   =======         ======
           ?US_SHR                 0000136E        getTemperature (CC2530AD1Test)
    -------------------------------------------------------------------------
RCODE
  Relative segment, address: CODE 00001371 - 0000137C (0xc bytes), align: 0
  Segment part 2.             Intra module refs:   ?US_SHR

    -------------------------------------------------------------------------
  LIBRARY MODULE, NAME : ?S_SHL

  SEGMENTS IN THE MODULE
  ======================
RCODE
  Relative segment, address: CODE 0000137D - 0000137F (0x3 bytes), align: 0
  Segment part 0.
           ENTRY                   ADDRESS         REF BY
           =====                   =======         ======
           ?S_SHL                  0000137D        getTemperature (CC2530AD1Test)
    -------------------------------------------------------------------------
RCODE
  Relative segment, address: CODE 00001380 - 00001382 (0x3 bytes), align: 0
  Segment part 1.             Intra module refs:   Segment part 2
           ENTRY                   ADDRESS         REF BY
           =====                   =======         ======
           ?S_SHL_REW              00001380 
    -------------------------------------------------------------------------
RCODE
  Relative segment, address: CODE 00001383 - 0000138F (0xd bytes), align: 0
  Segment part 2.             Intra module refs:   ?S_SHL
                                                   ?S_SHL_REW

    -------------------------------------------------------------------------
  LIBRARY MODULE, NAME : ?ALLOC_XSTACK8

  SEGMENTS IN THE MODULE
  ======================
RCODE
  Relative segment, address: CODE 00001390 - 000013A5 (0x16 bytes), align: 0
  Segment part 0.
           ENTRY                   ADDRESS         REF BY
           =====                   =======         ======
           ?ALLOC_XSTACK8          00001390        _formatted_write (?largewr)
                                                   float_conversion (?largewr)
                                                   main (CC2530AD1Test)
                                                   sprintf (?sprintf)

    -------------------------------------------------------------------------
  LIBRARY MODULE, NAME : ?DEALLOC_XSTACK8

  SEGMENTS IN THE MODULE
  ======================
RCODE
  Relative segment, address: CODE 000013A6 - 000013BF (0x1a bytes), align: 0
  Segment part 0.
           ENTRY                   ADDRESS         REF BY
           =====                   =======         ======
           ?DEALLOC_XSTACK8        000013A6        Segment part 36 (?largewr)
                                                   _formatted_write (?largewr)
                                                   main (CC2530AD1Test)
                                                   sprintf (?sprintf)

    -------------------------------------------------------------------------
  LIBRARY MODULE, NAME : ?ADD_XSTACK_DISP8

  SEGMENTS IN THE MODULE
  ======================
RCODE
  Relative segment, address: CODE 000013C0 - 000013DA (0x1b bytes), align: 0
  Segment part 1.
           ENTRY                   ADDRESS         REF BY
           =====                   =======         ======
           ?ADD_XSTACK_DISP0_8     000013C0        ?PUSH_XSTACK_I (?PUSH_XSTACK_I)

    -------------------------------------------------------------------------
  LIBRARY MODULE, NAME : ?XSTACK_DISP8

  SEGMENTS IN THE MODULE
  ======================
RCODE
  Relative segment, address: CODE 000013DB - 000013E4 (0xa bytes), align: 0
  Segment part 1.
[...]
    -------------------------------------------------------------------------
<BANKED_CODE> 1 (was BANKED_CODE)
  Relative segment, address: CODE 000024A8 - 000024AF (0x8 bytes), align: 0
  Segment part 100.           Intra module refs:   _formatted_write
    -------------------------------------------------------------------------
<BANKED_CODE> 1 (was BANKED_CODE)
  Relative segment, address: CODE 000024B0 - 000024B5 (0x6 bytes), align: 0
  Segment part 101.           Intra module refs:   Segment part 100
                                                   _formatted_write
    -------------------------------------------------------------------------
<BANKED_CODE> 1 (was BANKED_CODE)
  Relative segment, address: CODE 000024B6 - 000024C1 (0xc bytes), align: 0
  Segment part 102.           Intra module refs:   _formatted_write
    -------------------------------------------------------------------------
<BANKED_CODE> 1 (was BANKED_CODE)
  Relative segment, address: CODE 000024C2 - 000024C9 (0x8 bytes), align: 0
  Segment part 103.           Intra module refs:   _formatted_write
    -------------------------------------------------------------------------
<BANKED_CODE> 1 (was BANKED_CODE)
  Relative segment, address: CODE 000024CA - 000024D0 (0x7 bytes), align: 0
  Segment part 104.           Intra module refs:   _formatted_write
                                                   float_conversion
    -------------------------------------------------------------------------
<BANKED_CODE> 1 (was BANKED_CODE)
  Relative segment, address: CODE 000024D1 - 000024DD (0xd bytes), align: 0
  Segment part 105.           Intra module refs:   _formatted_write
    -------------------------------------------------------------------------
<BANKED_CODE> 1 (was BANKED_CODE)
  Relative segment, address: CODE 000024DE - 000024E0 (0x3 bytes), align: 0
  Segment part 106.           Intra module refs:   _formatted_write
    -------------------------------------------------------------------------
<BANKED_CODE> 1 (was BANKED_CODE)
  Relative segment, address: CODE 000024E1 - 000024E8 (0x8 bytes), align: 0
  Segment part 107.           Intra module refs:   Segment part 106
                                                   _formatted_write
    -------------------------------------------------------------------------
<BANKED_CODE> 1 (was BANKED_CODE)
  Relative segment, address: CODE 000024E9 - 000024F5 (0xd bytes), align: 0
  Segment part 108.           Intra module refs:   _formatted_write
    -------------------------------------------------------------------------
<BANKED_CODE> 1 (was BANKED_CODE)
  Relative segment, address: CODE 000024F6 - 000024FD (0x8 bytes), align: 0
  Segment part 109.           Intra module refs:   Segment part 108
                                                   _formatted_write
    -------------------------------------------------------------------------
<BANKED_CODE> 1 (was BANKED_CODE)
  Relative segment, address: CODE 000024FE - 00002503 (0x6 bytes), align: 0
  Segment part 110.           Intra module refs:   float_conversion
    -------------------------------------------------------------------------
<BANKED_CODE> 1 (was BANKED_CODE)
  Relative segment, address: CODE 00002504 - 00002506 (0x3 bytes), align: 0
  Segment part 111.           Intra module refs:   Segment part 110
                                                   _formatted_write
    -------------------------------------------------------------------------
<BANKED_CODE> 1 (was BANKED_CODE)
  Relative segment, address: CODE 00002507 - 0000250D (0x7 bytes), align: 0
  Segment part 112.           Intra module refs:   Segment part 111
                                                   float_conversion
    -------------------------------------------------------------------------
<BANKED_CODE> 1 (was BANKED_CODE)
  Relative segment, address: CODE 0000250E - 0000251B (0xe bytes), align: 0
  Segment part 113.           Intra module refs:   _formatted_write
    -------------------------------------------------------------------------
<BANKED_CODE> 1 (was BANKED_CODE)
  Relative segment, address: CODE 0000251C - 00002527 (0xc bytes), align: 0
  Segment part 114.           Intra module refs:   Segment part 108
                                                   Segment part 113
    -------------------------------------------------------------------------
XDATA_ID
  Relative segment, address: CODE 00000916 - 00000926 (0x11 bytes), align: 0
  Segment part 7.             Intra module refs:   Segment part 6
    -------------------------------------------------------------------------
XDATA_ID
  Relative segment, address: CODE 00000927 - 00000935 (0xf bytes), align: 0
  Segment part 9.             Intra module refs:   Segment part 8
    -------------------------------------------------------------------------
XDATA_ID
  Relative segment, address: CODE 00000936 - 00000939 (0x4 bytes), align: 0
  Segment part 11.            Intra module refs:   Segment part 10
    -------------------------------------------------------------------------
XDATA_ID
  Relative segment, address: CODE 0000093A - 0000093D (0x4 bytes), align: 0
  Segment part 13.            Intra module refs:   __Constant_7f800000
    -------------------------------------------------------------------------
XDATA_ID
  Relative segment, address: CODE 0000093E - 00000941 (0x4 bytes), align: 0
  Segment part 15.            Intra module refs:   __Constant_3f800000
    -------------------------------------------------------------------------
XDATA_ID
  Relative segment, address: CODE 00000942 - 00000945 (0x4 bytes), align: 0
  Segment part 17.            Intra module refs:   __Constant_0
    -------------------------------------------------------------------------
XDATA_ID
  Relative segment, address: CODE 00000946 - 00000949 (0x4 bytes), align: 0
  Segment part 19.            Intra module refs:   __Constant_501502f9
    -------------------------------------------------------------------------
XDATA_ID
  Relative segment, address: CODE 0000094A - 0000094D (0x4 bytes), align: 0
  Segment part 21.            Intra module refs:   __Constant_51ba43b7
    -------------------------------------------------------------------------
XDATA_ID
  Relative segment, address: CODE 0000094E - 00000951 (0x4 bytes), align: 0
  Segment part 23.            Intra module refs:   __Constant_41200000
    -------------------------------------------------------------------------
XDATA_ID
  Relative segment, address: CODE 00000952 - 00000955 (0x4 bytes), align: 0
  Segment part 25.            Intra module refs:   __Constant_2edbe700
    -------------------------------------------------------------------------
XDATA_ID
  Relative segment, address: CODE 00000956 - 00000959 (0x4 bytes), align: 0
  Segment part 27.            Intra module refs:   __Constant_40a00000
    -------------------------------------------------------------------------
XDATA_ID
  Relative segment, address: CODE 0000095A - 0000095D (0x4 bytes), align: 0
  Segment part 29.            Intra module refs:   __Constant_10
    -------------------------------------------------------------------------
XDATA_ID
  Relative segment, address: CODE 0000095E - 00000961 (0x4 bytes), align: 0
  Segment part 31.            Intra module refs:   __Constant_8
    -------------------------------------------------------------------------
XDATA_ID
  Relative segment, address: CODE 00000962 - 00000965 (0x4 bytes), align: 0
  Segment part 33.            Intra module refs:   __Constant_a
    -------------------------------------------------------------------------
BANK_RELAYS
  Relative segment, address: CODE 000009DE - 000009E3 (0x6 bytes), align: 0
  Segment part 35.            Intra module refs:   _formatted_write
           LOCAL                   ADDRESS         
           =====                   =======         
           float_conversion::?relay
                                   000009DE 
    -------------------------------------------------------------------------
BANK_RELAYS
  Relative segment, address: CODE 000009E4 - 000009E9 (0x6 bytes), align: 0
  Segment part 60.
           ENTRY                   ADDRESS         REF BY
           =====                   =======         ======
           _formatted_write::?relay
                                   000009E4        sprintf (?sprintf)
    -------------------------------------------------------------------------
XDATA_I
  Relative segment, address: XDATA 00000AA3 - 00000AB3 (0x11 bytes), align: 0
  Segment part 6.             Intra module refs:   _formatted_write
    -------------------------------------------------------------------------
XDATA_I
  Relative segment, address: XDATA 00000AB4 - 00000AC2 (0xf bytes), align: 0
  Segment part 8.             Intra module refs:   _formatted_write
    -------------------------------------------------------------------------
XDATA_I
  Relative segment, address: XDATA 00000AC3 - 00000AC6 (0x4 bytes), align: 0
  Segment part 10.            Intra module refs:   _formatted_write
    -------------------------------------------------------------------------
XDATA_I
  Relative segment, address: XDATA 00000AC7 - 00000ACA (0x4 bytes), align: 0
  Segment part 12.            Intra module refs:   float_conversion
           ENTRY                   ADDRESS         REF BY
           =====                   =======         ======
           __Constant_7f800000     00000AC7 
    -------------------------------------------------------------------------
XDATA_I
  Relative segment, address: XDATA 00000ACB - 00000ACE (0x4 bytes), align: 0
  Segment part 14.            Intra module refs:   float_conversion
           ENTRY                   ADDRESS         REF BY
           =====                   =======         ======
           __Constant_3f800000     00000ACB 
    -------------------------------------------------------------------------
XDATA_I
  Relative segment, address: XDATA 00000ACF - 00000AD2 (0x4 bytes), align: 0
  Segment part 16.            Intra module refs:   _formatted_write
                                                   float_conversion
           ENTRY                   ADDRESS         REF BY
           =====                   =======         ======
           __Constant_0            00000ACF 
    -------------------------------------------------------------------------
XDATA_I
  Relative segment, address: XDATA 00000AD3 - 00000AD6 (0x4 bytes), align: 0
  Segment part 18.            Intra module refs:   float_conversion
           ENTRY                   ADDRESS         REF BY
           =====                   =======         ======
           __Constant_501502f9     00000AD3 
    -------------------------------------------------------------------------
XDATA_I
  Relative segment, address: XDATA 00000AD7 - 00000ADA (0x4 bytes), align: 0
  Segment part 20.            Intra module refs:   float_conversion
           ENTRY                   ADDRESS         REF BY
           =====                   =======         ======
           __Constant_51ba43b7     00000AD7 
    -------------------------------------------------------------------------
XDATA_I
  Relative segment, address: XDATA 00000ADB - 00000ADE (0x4 bytes), align: 0
  Segment part 22.            Intra module refs:   float_conversion
           ENTRY                   ADDRESS         REF BY
           =====                   =======         ======
           __Constant_41200000     00000ADB 
    -------------------------------------------------------------------------
XDATA_I
  Relative segment, address: XDATA 00000ADF - 00000AE2 (0x4 bytes), align: 0
  Segment part 24.            Intra module refs:   float_conversion
           ENTRY                   ADDRESS         REF BY
           =====                   =======         ======
           __Constant_2edbe700     00000ADF 
    -------------------------------------------------------------------------
XDATA_I
  Relative segment, address: XDATA 00000AE3 - 00000AE6 (0x4 bytes), align: 0
  Segment part 26.            Intra module refs:   float_conversion
           ENTRY                   ADDRESS         REF BY
           =====                   =======         ======
           __Constant_40a00000     00000AE3 
    -------------------------------------------------------------------------
XDATA_I
  Relative segment, address: XDATA 00000AE7 - 00000AEA (0x4 bytes), align: 0
  Segment part 28.            Intra module refs:   _formatted_write
           ENTRY                   ADDRESS         REF BY
           =====                   =======         ======
           __Constant_10           00000AE7 
    -------------------------------------------------------------------------
XDATA_I
  Relative segment, address: XDATA 00000AEB - 00000AEE (0x4 bytes), align: 0
  Segment part 30.            Intra module refs:   _formatted_write
           ENTRY                   ADDRESS         REF BY
           =====                   =======         ======
           __Constant_8            00000AEB 
    -------------------------------------------------------------------------
XDATA_I
  Relative segment, address: XDATA 00000AEF - 00000AF2 (0x4 bytes), align: 0
  Segment part 32.            Intra module refs:   _formatted_write
           ENTRY                   ADDRESS         REF BY
           =====                   =======         ======
           __Constant_a            00000AEF 

    -------------------------------------------------------------------------
  LIBRARY MODULE, NAME : ?low_level_init

  SEGMENTS IN THE MODULE
  ======================
CSTART
  Relative segment, address: CODE 00000090 - 00000092 (0x3 bytes), align: 0
  Segment part 6. ROOT.
           ENTRY                   ADDRESS         REF BY
           =====                   =======         ======
           __low_level_init        00000090        __low_level_init_call (?cmain)




                ****************************************
                *                                      *
                *            MODULE SUMMARY            *
                *                                      *
                ****************************************

Module                     CODE      DATA      XDATA  IDATA    BIT
------                     ----      ----      -----  -----    ---
                          (Rel)  (Rel)  (Abs)  (Rel)  (Rel)  (Rel)
?ADD_XSTACK_DISP8            27
?ALLOC_XSTACK8               22
?BANKED_CODE_SUPPORT         30
?BANKED_ENTER_XDATA         108
?BANKED_LEAVE_XDATA          70
?CALL_IND                     2
?DEALLOC_XSTACK8             26
?FLT_ADD                    572
?FLT_DIV                    486
?FLT_EQ                      44
?FLT_GE                      79
?FLT_LT                      76
?FLT_MUL                    384
?FLT_TEST_INF                21
?FLT_TEST_INF_R1             21
?FLT_TEST_NAN                15
?FLT_TEST_NAN_R1             15
?FLT_TEST_ZERO               10
?FLT_TEST_ZERO_R1            10
?FLT_TO_L                   143
?L_MOV_TO_X                  15
?L_MOV_X                     15
?L_NEG                       20
?L_TO_FLT                   120
?MOVE_LONG8_XDATA_IDATA      13
?MOVE_LONG8_XDATA_XDATA      33
?PUSH_XSTACK8_X              45
?PUSH_XSTACK_I               19
?SL_GE_X                     38
?SS_SHR                      16
?S_DIV_MOD                  154
?S_SHL                       19
?UL_DIV_MOD                 112
?US_SHR                      15
?XLOAD_R2345                 12
?XSTACK_DISP8                10
?XSTORE_R2345                12
?cexit                        5
?cmain                       88
?largewr                  4 267                   80
?low_level_init               3
?memset                      51
?sprintf                    172
?strlen                      36
CC2530AD1Test             3 918            25  2 211
CSTARTUP                     18
  + common                    3
VIRTUAL_REGISTERS                    2                           8
N/A (command line)                  16           511    192
----------               ------     --     --  -----    ---      -
Total:                   11 387     18     25  2 802    192      8
  + common                    3


                ****************************************
                *                                      *
                *      SEGMENTS IN ADDRESS ORDER       *
                *                                      *
                ****************************************


SEGMENT              SPACE    START ADDRESS   END ADDRESS     SIZE  TYPE  ALIGN
=======              =====    =============   ===========     ====  ====  =====
INTVEC               CODE          00000000 - 00000002           3   com    0
CSTART               CODE          00000003 - 00000092          90   rel    0
BIT_ID               CODE               00000093                     dse    0
BDATA_ID             CODE               00000093                     dse    0
PDATA_ID             CODE               00000093                     dse    0
IXDATA_ID            CODE               00000093                     dse    0
DATA_ID              CODE               00000093                     dse    0
IDATA_ID             CODE               00000093                     dse    0
XDATA_ID             CODE          00000093 - 00000965         8D3   rel    0
BANK_RELAYS          CODE          00000966 - 000009E9          84   rel    0
RCODE                CODE          000009EA - 000014D8         AEF   rel    0
<BANKED_CODE> 1      CODE          000014D9 - 00002C7D        17A5   rel    0
REGISTERS            DATA          00000000 - 00000007           8   rel    0
VREG                 DATA          00000008 - 0000000F           8   rel    0
PSP                  DATA               00000010                     dse    0
XSP                  DATA          00000010 - 00000011           2   rel    0
BREG                 BIT        00000020.0  -  00000020.7        8   rel    0
SFR_AN               DATA          00000080 - 00000080           1   rel    0
                     DATA          00000086 - 00000086           1 
                     DATA          00000090 - 00000090           1 
                     DATA          0000009A - 0000009A           1 
                     DATA          0000009E - 0000009E           1 
                     DATA          000000A8 - 000000A8           1 
                     DATA          000000B4 - 000000B4           1 
                     DATA          000000B6 - 000000B6           1 
                     DATA          000000B8 - 000000B8           1 
                     DATA          000000BA - 000000BB           2 
                     DATA          000000C1 - 000000C2           2 
                     DATA          000000C5 - 000000C6           2 
                     DATA          000000CB - 000000CD           3 
                     DATA          000000E8 - 000000E8           1 
                     DATA          000000F1 - 000000F1           1 
                     DATA          000000F3 - 000000F4           2 
                     DATA          000000FD - 000000FF           3 
XSTACK               XDATA         00000001 - 000001FF         1FF   rel    0
XDATA_Z              XDATA         00000200 - 0000021F          20   rel    0
XDATA_I              XDATA         00000220 - 00000AF2         8D3   rel    0
ISTACK               IDATA         00000040 - 000000FF          C0   rel    0

                ****************************************
                *                                      *
                *        END OF CROSS REFERENCE        *
                *                                      *
                ****************************************

 11 390 bytes of CODE  memory
     18 bytes of DATA  memory (+ 25 absolute )
  2 802 bytes of XDATA memory
    192 bytes of IDATA memory
      8 bits  of BIT   memory

Errors: none
Warnings: none

